[debug] [2026-08-30T10:28:44.471Z] ----------------------------------------------------------------------
[debug] [2026-08-30T10:28:44.475Z] Command:       C:\Program Files\nodejs\node.exe C:\Users\iljovel\AppData\Roaming\npm\node_modules\firebase-tools\lib\bin\firebase.js init
[debug] [2026-08-30T10:28:44.475Z] CLI Version:   15.28.2
[debug] [2026-08-30T10:28:44.475Z] Platform:      win32
[debug] [2026-08-30T10:28:44.475Z] Node Version:  v24.14.0
[debug] [2026-08-30T10:28:44.475Z] Detected Agent: unknown
[debug] [2026-08-30T10:28:44.476Z] Time:          Sun Aug 30 2026 18:28:44 GMT+0800 (Philippine Standard Time)
[debug] [2026-08-30T10:28:44.476Z] ----------------------------------------------------------------------
[debug] 
[debug] [2026-08-30T10:28:44.496Z] >>> [apiv2][query] GET https://firebase-public.firebaseio.com/cli.json [none]
[info] 
     ######## #### ########  ######## ########     ###     ######  ########
     ##        ##  ##     ## ##       ##     ##  ##   ##  ##       ##
     ######    ##  ########  ######   ########  #########  ######  ######
     ##        ##  ##    ##  ##       ##     ## ##     ##       ## ##
     ##       #### ##     ## ######## ########  ##     ##  ######  ########

You're about to initialize a Firebase project in this directory:

  C:\Users\iljovel\Downloads\iPic Website\iPic Website\New folder\Trainbum

[debug] [2026-08-30T10:29:35.684Z] <<< [apiv2][status] GET https://firebase-public.firebaseio.com/cli.json 200
[debug] [2026-08-30T10:29:35.684Z] <<< [apiv2][body] GET https://firebase-public.firebaseio.com/cli.json {"cloudBuildErrorAfter":1594252800000,"cloudBuildWarnAfter":1590019200000,"defaultNode10After":1594252800000,"minVersion":"3.0.5","node8DeploysDisabledAfter":1613390400000,"node8RuntimeDisabledAfter":1615809600000,"node8WarnAfter":1600128000000}
[debug] [2026-08-30T10:38:30.175Z] ExitPromptError: User force closed the prompt with SIGINT
    at Interface.sigint (C:\Users\iljovel\AppData\Roaming\npm\node_modules\firebase-tools\node_modules\@inquirer\core\dist\commonjs\lib\create-prompt.js:101:37)
    at Interface.emit (node:events:508:28)
    at [_ttyWrite] [as _ttyWrite] (node:internal/readline/interface:1327:18)
    at ReadStream.onkeypress (node:internal/readline/interface:284:20)
    at ReadStream.emit (node:events:520:35)
    at emitKeys (node:internal/readline/utils:371:14)
    at emitKeys.next (<anonymous>)
    at ReadStream.onData (node:internal/readline/emitKeypressEvents:64:36)
    at ReadStream.emit (node:events:508:28)
    at addChunk (node:internal/streams/readable:563:12)
[error] 
[error] Error: An unexpected error has occurred.
[debug] [2026-08-30T13:48:13.582Z] ----------------------------------------------------------------------
[debug] [2026-08-30T13:48:13.598Z] Command:       C:\Program Files\nodejs\node.exe C:\Users\iljovel\AppData\Roaming\npm\node_modules\firebase-tools\lib\bin\firebase.js deploy
[debug] [2026-08-30T13:48:13.599Z] CLI Version:   15.28.2
[debug] [2026-08-30T13:48:13.600Z] Platform:      win32
[debug] [2026-08-30T13:48:13.600Z] Node Version:  v24.14.0
[debug] [2026-08-30T13:48:13.600Z] Detected Agent: unknown
[debug] [2026-08-30T13:48:13.601Z] Time:          Sun Aug 30 2026 21:48:13 GMT+0800 (Philippine Standard Time)
[debug] [2026-08-30T13:48:13.601Z] ----------------------------------------------------------------------
[debug] 
[debug] [2026-08-30T13:49:01.134Z] Error: Timed out.
    at Timeout._onTimeout (C:\Users\iljovel\AppData\Roaming\npm\node_modules\firebase-tools\lib\utils.js:296:49)
    at listOnTimeout (node:internal/timers:605:17)
    at process.processTimers (node:internal/timers:541:7)
[error] 
[error] Error: An unexpected error has occurred.
